// Jest Snapshot v1, https://goo.gl/fbAQLP

exports[`components/ChannelHeaderDropdown/MenuItem.CloseChannel should match snapshot 1`] = `
<MenuItem
  labels={
    <Memo(MemoizedFormattedMessage)
      defaultMessage="Close Channel"
      id="center_panel.archived.closeChannel"
    />
  }
  onClick={[MockFunction]}
/>
`;
